========================================
         LOG TICKET IMPRESSION         
========================================
Date: 06/07/2025 15:30:03
Fichier: 2025-07-06_13-30-03_-OUUvUTzU9_MQLJHqkFl.log

--- DONNÉES POST REÇUES ---
{
  "ip": "192.168.1.146",
  "table": 0,
  "mode": "emporter",
  "numeroClient": "8",
  "commandeId": "-OUUvUTzU9_MQLJHqkFl",
  "produits": [
    {
      "nom": "Menu Talya gourmand",
      "quantite": 1,
      "isComposed": true,
      "composedDetails": [
        {
          "stepLabel": "Choisir votre sandwich",
          "items": [
            {
              "nom": "Falafel"
            }
          ]
        },
        {
          "stepLabel": "Choisir vos beignets",
          "items": [
            {
              "nom": "Samboussik lahmé"
            },
            {
              "nom": "Falafel"
            }
          ]
        },
        {
          "stepLabel": "Choisir votre boisson",
          "items": [
            {
              "nom": "Coca-Cola"
            }
          ]
        },
        {
          "stepLabel": "Choisir votre dessert",
          "items": [
            {
              "nom": "Baklawa"
            }
          ]
        }
      ]
    }
  ]
}

--- APERÇU TICKET GÉNÉRÉ ---
================================
        EMPORTER (8)        
================================
Commande: -OUUvUTzU9_MQLJHqkFl
Heure: 15:30:03
Mode: emporter
--------------------------------
1x Menu Talya gourmand
  * Falafel
  * Samboussik lahmé
  * Falafel
  * Coca-Cola
  * Baklawa
================================
         FIN TICKET
================================


--- ANALYSE ---
IP fournie: 192.168.1.146
Mode commande: emporter
Type commande: À emporter
Numéro: 8
Nombre d'articles: 1
Menus composés: OUI
Portions spéciales: NON
Instructions spéciales: NON
Note globale: NON

========================================
              FIN LOG                  
========================================